Circuit: *** SPICE deck for cell EditModifiedGdi{lay} from library project_ic

WARNING: Less than two connections to node NET@111.  This node is used by MPMOS@1.
WARNING: Less than two connections to node D.  This node is used by VD.
Direct Newton iteration for .op point succeeded.


Measurement "tf" FAIL'ed

Measurement "tr" FAIL'ed


Date: Mon Jun 16 17:12:38 2025
Total elapsed time: 0.483 seconds.

tnom = 27
temp = 27
method = modified trap
totiter = 4383
traniter = 4340
tranpoints = 1835
accept = 1647
rejected = 188
matrix size = 61
fillins = 2
solver = Normal
Matrix Compiler1: 8.11 KB object code size  2.6/1.4/[0.5]
Matrix Compiler2: off  [1.0]/1.5/1.2

