Circuit: *** SPICE deck for cell EditCMOS{sch} from library project_ic

Direct Newton iteration for .op point succeeded.

tf=-3.90776e-008 FROM 4.33463e-008 TO 4.26871e-009
tr=2.42447e-010 FROM 1.98753e-008 TO 2.01178e-008


Date: Mon Jun 16 13:31:32 2025
Total elapsed time: 1.653 seconds.

tnom = 27
temp = 27
method = modified trap
totiter = 7838
traniter = 7820
tranpoints = 2542
accept = 2122
rejected = 420
matrix size = 94
fillins = 4
solver = Normal
Thread vector: 127.4/85.7[2] 8.3/5.4[2] 29.8/3.1[2] 0.9/5.3[1]  2592/500
Matrix Compiler1: 13.48 KB object code size  4.2/2.4/[1.3]
Matrix Compiler2: 11.99 KB object code size  1.9/3.1/[1.8]

